exports[`test Alerts renders correcly 1`] = `
<View
  style={
    Object {
      "alignItems": [Function],
      "alignSelf": [Function],
      "backfaceVisibility": [Function],
      "backgroundColor": [Function],
      "borderBottomColor": [Function],
      "borderBottomLeftRadius": [Function],
      "borderBottomRightRadius": [Function],
      "borderBottomWidth": [Function],
      "borderColor": [Function],
      "borderLeftColor": [Function],
      "borderLeftWidth": [Function],
      "borderRadius": [Function],
      "borderRightColor": [Function],
      "borderRightWidth": [Function],
      "borderStyle": [Function],
      "borderTopColor": [Function],
      "borderTopLeftRadius": [Function],
      "borderTopRightRadius": [Function],
      "borderTopWidth": [Function],
      "borderWidth": [Function],
      "bottom": [Function],
      "decomposedMatrix": [Function],
      "elevation": [Function],
      "flex": [Function],
      "flexBasis": [Function],
      "flexDirection": [Function],
      "flexGrow": [Function],
      "flexShrink": [Function],
      "flexWrap": [Function],
      "height": [Function],
      "justifyContent": [Function],
      "left": [Function],
      "margin": [Function],
      "marginBottom": [Function],
      "marginHorizontal": [Function],
      "marginLeft": [Function],
      "marginRight": [Function],
      "marginTop": [Function],
      "marginVertical": [Function],
      "maxHeight": [Function],
      "maxWidth": [Function],
      "minHeight": [Function],
      "minWidth": [Function],
      "opacity": [Function],
      "overflow": [Function],
      "padding": [Function],
      "paddingBottom": [Function],
      "paddingHorizontal": [Function],
      "paddingLeft": [Function],
      "paddingRight": [Function],
      "paddingTop": [Function],
      "paddingVertical": [Function],
      "position": [Function],
      "right": [Function],
      "rotation": [Function],
      "scaleX": [Function],
      "scaleY": [Function],
      "shadowColor": [Function],
      "shadowOffset": [Function],
      "shadowOpacity": [Function],
      "shadowRadius": [Function],
      "top": [Function],
      "transform": [Function],
      "transformMatrix": [Function],
      "translateX": [Function],
      "translateY": [Function],
      "width": [Function],
      "zIndex": [Function],
    }
  } />
`;
