exports[`test Card renders correcly 1`] = `
<TouchableOpacity
  activeOpacity={1}
  onPress={undefined}
  style={
    Array [
      Object {
        "left": 0,
        "right": 0,
      },
    ]
  }>
  <View
    style={
      Array [
        Object {
          "paddingTop": 10,
        },
        Object {
          "paddingLeft": 10,
        },
        Object {
          "paddingRight": 10,
        },
      ]
    }>
    <View
      style={
        Object {
          "backgroundColor": "#FFF",
          "borderBottomColor": "#D0D1D5",
          "borderBottomWidth": 1,
          "borderRadius": 5,
          "borderRightColor": "#D0D1D5",
          "borderRightWidth": 1,
          "flex": 1,
          "position": "relative",
        }
      }>
      <View
        style={
          Array [
            Object {
              "paddingHorizontal": 10,
              "paddingVertical": 10,
            },
          ]
        }>
        <View>
          <Text
            accessible={true}
            allowFontScaling={true}
            ellipsizeMode="tail">
            Hello World!
          </Text>
        </View>
      </View>
    </View>
  </View>
</TouchableOpacity>
`;
