exports[`test ListRow renders correcly 1`] = `
<TouchableOpacity
  activeOpacity={0.7}
  onPress={[Function]}
  style={
    Array [
      Object {
        "backgroundColor": "#FFF",
        "left": 0,
        "right": 0,
      },
    ]
  }>
  <View
    style={
      Object {
        "borderBottomColor": "#D0D1D5",
        "borderBottomWidth": 1,
        "paddingVertical": 20,
      }
    }>
    <Text
      accessible={true}
      allowFontScaling={true}
      ellipsizeMode="tail"
      style={
        Array [
          Object {
            "color": "#222222",
            "fontFamily": "Avenir",
            "fontSize": 14,
            "fontWeight": "500",
            "lineHeight": 21,
          },
          Object {
            "backgroundColor": "transparent",
            "color": "#222222",
            "fontWeight": "500",
            "textAlign": "center",
          },
        ]
      }>
      LOREM IPSUM
    </Text>
  </View>
</TouchableOpacity>
`;
