exports[`test Navbar left button renders correcly 1`] = `
<TouchableOpacity
  activeOpacity={0.7}
  hitSlop={
    Object {
      "bottom": [Function],
      "left": [Function],
      "right": [Function],
      "top": [Function],
    }
  }
  onPress={[Function]}
  style={
    Object {
      "left": 20,
      "top": 4,
    }
  }>
  <Text
    accessible={true}
    allowFontScaling={false}
    ellipsizeMode="tail"
    style={
      Array [
        Object {
          "color": "#FFF",
          "fontSize": 36,
        },
        undefined,
        Object {
          "fontFamily": "Ionicons",
          "fontStyle": "normal",
          "fontWeight": "normal",
        },
      ]
    }>
    
  </Text>
</TouchableOpacity>
`;

exports[`test Navbar title renders correcly 1`] = `
<Text
  accessible={true}
  allowFontScaling={true}
  ellipsizeMode="tail"
  style={
    Array [
      Object {
        "color": "#555",
        "fontFamily": "Avenir",
        "fontSize": 14,
        "fontWeight": "500",
        "lineHeight": 21,
      },
      Object {
        "fontWeight": "900",
      },
      Object {
        "bottom": 6,
        "color": "#FFFFFF",
        "fontSize": 13,
      },
    ]
  }>
  Starter Kit
</Text>
`;
