// Jest Snapshot v1, https://goo.gl/fbAQLP

exports[`LaunchView renders correctly 1`] = `
<View
  style={
    Array [
      Object {
        "backgroundColor": "#E9EBEE",
        "flex": 1,
        "flexDirection": "column",
        "position": "relative",
      },
    ]
  }
>
  <Image
    source={1}
    style={
      Array [
        Object {
          "height": 1334,
          "width": 750,
        },
        Object {
          "alignItems": "center",
          "justifyContent": "center",
        },
      ]
    }
  >
    <ActivityIndicator
      animating={true}
      color="#C1C5C8"
      hidesWhenStopped={true}
      size="large"
    />
  </Image>
</View>
`;
