// Jest Snapshot v1, https://goo.gl/fbAQLP

exports[`ListingView renders correctly 1`] = `
<View
  style={
    Array [
      Object {
        "backgroundColor": "#E9EBEE",
        "flex": 1,
        "flexDirection": "column",
        "position": "relative",
      },
    ]
  }
>
  <RCTScrollView
    automaticallyAdjustContentInsets={false}
    dataSource={
      ListViewDataSource {
        "items": "unknown",
      }
    }
    initialListSize={5}
    refreshControl={null}
    renderRow={[Function]}
    renderScrollComponent={[Function]}
  >
    <View />
  </RCTScrollView>
</View>
`;
