// Jest Snapshot v1, https://goo.gl/fbAQLP

exports[`ListingView renders correctly 1`] = `
<View
  style={
    Array [
      Object {
        "backgroundColor": "#E9EBEE",
        "flex": 1,
        "flexDirection": "column",
        "position": "relative",
      },
    ]
  }
>
  <RCTScrollView
    automaticallyAdjustContentInsets={false}
    dataSource={
      ListViewDataSource {
        "items": "unknown",
      }
    }
    initialListSize={8}
    refreshControl={
      <RefreshControlMock
        onRefresh={[Function]}
        refreshing={true}
        tintColor="#0E4EF8"
      />
    }
    renderRow={[Function]}
    renderScrollComponent={[Function]}
  >
    <RCTRefreshControl />
    <View />
  </RCTScrollView>
</View>
`;
