// Jest Snapshot v1, https://goo.gl/fbAQLP

exports[`FormView renders correctly 1`] = `
<RCTScrollView
  automaticallyAdjustContentInsets={false}
  contentContainerStyle={
    Array [
      Object {
        "backgroundColor": "#E9EBEE",
        "flex": 1,
        "flexDirection": "column",
        "position": "relative",
      },
    ]
  }
  style={
    Array [
      Object {
        "backgroundColor": "#E9EBEE",
        "flex": 1,
        "flexDirection": "column",
        "position": "relative",
      },
    ]
  }
>
  <View>
    <View
      style={
        Array [
          Object {
            "backgroundColor": "white",
            "borderColor": "#e1e8ee",
            "borderWidth": 1,
            "margin": 15,
            "marginBottom": 0,
            "padding": 15,
            "shadowColor": "rgba(0,0,0, .2)",
            "shadowOffset": Object {
              "height": 0,
              "width": 0,
            },
            "shadowOpacity": 1,
            "shadowRadius": 1,
          },
          undefined,
          Array [
            Object {
              "backgroundColor": "#FFFFFF",
              "borderColor": "#D0D1D5",
              "borderRadius": 2,
            },
            Array [],
          ],
        ]
      }
    >
      <View
        style={
          Array [
            Object {
              "backgroundColor": "transparent",
            },
            undefined,
            undefined,
          ]
        }
      >
        <View
          style={
            Object {
              "left": 0,
              "right": 0,
            }
          }
        />
        <View
          style={Object {}}
        >
          <View>
            <View
              style={
                Array [
                  Object {},
                  Array [],
                ]
              }
            >
              <Text
                accessible={true}
                allowFontScaling={true}
                ellipsizeMode="tail"
                style={
                  Array [
                    Object {},
                    undefined,
                    undefined,
                    undefined,
                    undefined,
                    undefined,
                    undefined,
                    undefined,
                    undefined,
                    undefined,
                    Array [
                      Object {
                        "color": "#86939e",
                        "fontSize": 15,
                        "fontWeight": "bold",
                        "marginBottom": 1,
                        "marginLeft": 20,
                        "marginRight": 20,
                        "marginTop": 15,
                      },
                      Array [
                        Object {
                          "color": "#222222",
                          "fontFamily": "HelveticaNeue",
                          "marginLeft": 0,
                          "marginRight": 0,
                        },
                        Array [],
                      ],
                      undefined,
                    ],
                  ]
                }
              >
                Email
              </Text>
            </View>
            <View
              style={
                Array [
                  Object {
                    "borderBottomColor": "#bdc6cf",
                    "borderBottomWidth": 1,
                    "marginLeft": 20,
                    "marginRight": 20,
                  },
                  Array [
                    Object {
                      "backgroundColor": "rgba(255,255,255,0.05)",
                      "borderBottomColor": "#D0D1D5",
                      "borderBottomWidth": 1,
                      "marginLeft": 0,
                      "marginRight": 0,
                      "marginTop": 10,
                    },
                    Array [],
                  ],
                ]
              }
            >
              <TextInput
                accessibilityLabel="Email"
                autoCapitalize="none"
                autoCorrect={undefined}
                autoFocus={undefined}
                blurOnSubmit={undefined}
                clearButtonMode="while-editing"
                clearTextOnFocus={undefined}
                editable={undefined}
                enablesReturnKeyAutomatically={undefined}
                keyboardAppearance={undefined}
                keyboardType={undefined}
                maxLength={undefined}
                multiline={undefined}
                numberOfLines={undefined}
                onBlur={undefined}
                onChange={undefined}
                onChangeText={[Function]}
                onContentSizeChange={undefined}
                onEndEditing={undefined}
                onFocus={undefined}
                onKeyPress={undefined}
                onLayout={undefined}
                onSelectionChange={undefined}
                onSubmitEditing={undefined}
                placeholder={undefined}
                placeholderTextColor={undefined}
                returnKeyType={undefined}
                secureTextEntry={undefined}
                selectTextOnFocus={undefined}
                selectionColor={undefined}
                selectionState={undefined}
                style={
                  Array [
                    Object {
                      "color": "#86939e",
                      "fontSize": 17.5,
                      "minHeight": 36,
                      "width": 750,
                    },
                    Array [
                      Object {
                        "color": "#222222",
                        "fontFamily": "HelveticaNeue",
                        "paddingHorizontal": 0,
                        "paddingVertical": 3,
                      },
                      Array [],
                    ],
                  ]
                }
                underlineColorAndroid="transparent"
                value=""
              />
            </View>
          </View>
          <View>
            <View
              style={
                Array [
                  Object {},
                  Array [],
                ]
              }
            >
              <Text
                accessible={true}
                allowFontScaling={true}
                ellipsizeMode="tail"
                style={
                  Array [
                    Object {},
                    undefined,
                    undefined,
                    undefined,
                    undefined,
                    undefined,
                    undefined,
                    undefined,
                    undefined,
                    undefined,
                    Array [
                      Object {
                        "color": "#86939e",
                        "fontSize": 15,
                        "fontWeight": "bold",
                        "marginBottom": 1,
                        "marginLeft": 20,
                        "marginRight": 20,
                        "marginTop": 15,
                      },
                      Array [
                        Object {
                          "color": "#222222",
                          "fontFamily": "HelveticaNeue",
                          "marginLeft": 0,
                          "marginRight": 0,
                        },
                        Array [],
                      ],
                      undefined,
                    ],
                  ]
                }
              >
                Password
              </Text>
            </View>
            <View
              style={
                Array [
                  Object {
                    "borderBottomColor": "#bdc6cf",
                    "borderBottomWidth": 1,
                    "marginLeft": 20,
                    "marginRight": 20,
                  },
                  Array [
                    Object {
                      "backgroundColor": "rgba(255,255,255,0.05)",
                      "borderBottomColor": "#D0D1D5",
                      "borderBottomWidth": 1,
                      "marginLeft": 0,
                      "marginRight": 0,
                      "marginTop": 10,
                    },
                    Array [],
                  ],
                ]
              }
            >
              <TextInput
                accessibilityLabel="Password"
                autoCapitalize={undefined}
                autoCorrect={undefined}
                autoFocus={undefined}
                blurOnSubmit={undefined}
                clearButtonMode="while-editing"
                clearTextOnFocus={undefined}
                editable={undefined}
                enablesReturnKeyAutomatically={undefined}
                keyboardAppearance={undefined}
                keyboardType={undefined}
                maxLength={undefined}
                multiline={undefined}
                numberOfLines={undefined}
                onBlur={undefined}
                onChange={undefined}
                onChangeText={[Function]}
                onContentSizeChange={undefined}
                onEndEditing={undefined}
                onFocus={undefined}
                onKeyPress={undefined}
                onLayout={undefined}
                onSelectionChange={undefined}
                onSubmitEditing={undefined}
                placeholder={undefined}
                placeholderTextColor={undefined}
                returnKeyType={undefined}
                secureTextEntry={true}
                selectTextOnFocus={undefined}
                selectionColor={undefined}
                selectionState={undefined}
                style={
                  Array [
                    Object {
                      "color": "#86939e",
                      "fontSize": 17.5,
                      "minHeight": 36,
                      "width": 750,
                    },
                    Array [
                      Object {
                        "color": "#222222",
                        "fontFamily": "HelveticaNeue",
                        "paddingHorizontal": 0,
                        "paddingVertical": 3,
                      },
                      Array [],
                    ],
                  ]
                }
                underlineColorAndroid="transparent"
                value=""
              />
            </View>
          </View>
        </View>
        <View
          style={
            Object {
              "height": 1,
              "left": 0,
              "marginTop": 19,
              "right": 0,
            }
          }
        />
        <View
          style={
            Array [
              Object {
                "backgroundColor": "transparent",
                "marginLeft": 15,
                "marginRight": 15,
              },
              Object {
                "shadowColor": "rgba(0,0,0, .4)",
                "shadowOffset": Object {
                  "height": 1,
                  "width": 1,
                },
                "shadowOpacity": 1,
                "shadowRadius": 1,
              },
              Object {
                "marginLeft": 0,
                "marginRight": 0,
              },
            ]
          }
        >
          <View
            accessibilityComponentType={undefined}
            accessibilityLabel={undefined}
            accessibilityTraits={undefined}
            accessible={true}
            hasTVPreferredFocus={undefined}
            hitSlop={undefined}
            isTVSelectable={true}
            onLayout={undefined}
            onResponderGrant={[Function]}
            onResponderMove={[Function]}
            onResponderRelease={[Function]}
            onResponderTerminate={[Function]}
            onResponderTerminationRequest={[Function]}
            onStartShouldSetResponder={[Function]}
            style={
              Array [
                Object {
                  "backgroundColor": "transparent",
                },
                undefined,
              ]
            }
            testID={undefined}
            tvParallaxProperties={undefined}
          >
            <View
              style={
                Array [
                  Object {
                    "alignItems": "center",
                    "backgroundColor": "#9E9E9E",
                    "flexDirection": "row",
                    "justifyContent": "center",
                    "padding": 19,
                  },
                  undefined,
                  undefined,
                  undefined,
                  undefined,
                  undefined,
                  Object {
                    "backgroundColor": "#0E4EF8",
                  },
                  Object {
                    "borderRadius": 2,
                  },
                  Object {
                    "padding": 12,
                  },
                  undefined,
                  undefined,
                  undefined,
                  Object {
                    "padding": 12,
                  },
                  undefined,
                  undefined,
                ]
              }
            >
              <Text
                accessible={true}
                allowFontScaling={true}
                ellipsizeMode="tail"
                style={
                  Array [
                    Object {},
                    undefined,
                    undefined,
                    undefined,
                    undefined,
                    undefined,
                    undefined,
                    undefined,
                    undefined,
                    undefined,
                    Array [
                      Object {
                        "color": "white",
                        "fontSize": 20,
                      },
                      Object {
                        "color": "#fff",
                      },
                      Object {
                        "fontSize": 17.5,
                      },
                      Object {
                        "fontSize": 14,
                      },
                      undefined,
                      Object {
                        "fontWeight": "bold",
                      },
                      Object {
                        "fontFamily": "HelveticaNeue",
                      },
                    ],
                  ]
                }
              >
                Login
              </Text>
            </View>
          </View>
        </View>
        <View
          style={
            Object {
              "height": 1,
              "left": 0,
              "marginTop": 9,
              "right": 0,
            }
          }
        />
        <View>
          <View
            accessibilityComponentType={undefined}
            accessibilityLabel={undefined}
            accessibilityTraits={undefined}
            accessible={true}
            hitSlop={undefined}
            isTVSelectable={true}
            onLayout={undefined}
            onResponderGrant={[Function]}
            onResponderMove={[Function]}
            onResponderRelease={[Function]}
            onResponderTerminate={[Function]}
            onResponderTerminationRequest={[Function]}
            onStartShouldSetResponder={[Function]}
            style={
              Object {
                "opacity": 1,
              }
            }
            testID={undefined}
            tvParallaxProperties={undefined}
          >
            <Text
              accessible={true}
              allowFontScaling={true}
              ellipsizeMode="tail"
              h1={false}
              h2={false}
              h3={false}
              h4={false}
              h5={false}
              onPress={null}
              p={true}
              style={
                Array [
                  Object {
                    "color": "#222222",
                    "fontFamily": "HelveticaNeue",
                    "fontSize": 14,
                    "fontWeight": "300",
                    "lineHeight": 18,
                    "marginBottom": 8,
                  },
                  Array [
                    Object {
                      "textAlign": "center",
                    },
                    Object {
                      "color": "#0E4EF8",
                      "textDecorationLine": "underline",
                    },
                  ],
                ]
              }
            >
              Forgot Password
            </Text>
          </View>
          <View
            style={
              Object {
                "height": 1,
                "left": 0,
                "marginTop": 9,
                "right": 0,
              }
            }
          />
          <Text
            accessible={true}
            allowFontScaling={true}
            ellipsizeMode="tail"
            h1={false}
            h2={false}
            h3={false}
            h4={false}
            h5={false}
            onPress={null}
            p={true}
            style={
              Array [
                Object {
                  "color": "#222222",
                  "fontFamily": "HelveticaNeue",
                  "fontSize": 14,
                  "fontWeight": "300",
                  "lineHeight": 18,
                  "marginBottom": 8,
                },
                Array [
                  Object {
                    "textAlign": "center",
                  },
                ],
              ]
            }
          >
            - or -
          </Text>
          <View
            style={
              Array [
                Object {
                  "backgroundColor": "transparent",
                  "marginLeft": 15,
                  "marginRight": 15,
                },
                false,
                Object {
                  "marginLeft": 0,
                  "marginRight": 0,
                },
              ]
            }
          >
            <View
              accessibilityComponentType={undefined}
              accessibilityLabel={undefined}
              accessibilityTraits={undefined}
              accessible={true}
              hasTVPreferredFocus={undefined}
              hitSlop={undefined}
              isTVSelectable={true}
              onLayout={undefined}
              onResponderGrant={[Function]}
              onResponderMove={[Function]}
              onResponderRelease={[Function]}
              onResponderTerminate={[Function]}
              onResponderTerminationRequest={[Function]}
              onStartShouldSetResponder={[Function]}
              style={
                Array [
                  Object {
                    "backgroundColor": "transparent",
                  },
                  undefined,
                ]
              }
              testID={undefined}
              tvParallaxProperties={undefined}
            >
              <View
                style={
                  Array [
                    Object {
                      "alignItems": "center",
                      "backgroundColor": "#9E9E9E",
                      "flexDirection": "row",
                      "justifyContent": "center",
                      "padding": 19,
                    },
                    undefined,
                    undefined,
                    undefined,
                    undefined,
                    undefined,
                    Object {
                      "backgroundColor": "transparent",
                    },
                    Object {
                      "borderRadius": 2,
                    },
                    Object {
                      "padding": 12,
                    },
                    undefined,
                    undefined,
                    undefined,
                    Object {
                      "borderColor": "#0E4EF8",
                      "borderWidth": 1,
                      "padding": 12,
                    },
                    undefined,
                    undefined,
                  ]
                }
              >
                <Text
                  accessible={true}
                  allowFontScaling={true}
                  ellipsizeMode="tail"
                  style={
                    Array [
                      Object {},
                      undefined,
                      undefined,
                      undefined,
                      undefined,
                      undefined,
                      undefined,
                      undefined,
                      undefined,
                      undefined,
                      Array [
                        Object {
                          "color": "white",
                          "fontSize": 20,
                        },
                        Object {
                          "color": "#0E4EF8",
                        },
                        Object {
                          "fontSize": 17.5,
                        },
                        Object {
                          "fontSize": 14,
                        },
                        undefined,
                        Object {
                          "fontWeight": "bold",
                        },
                        Object {
                          "fontFamily": "HelveticaNeue",
                        },
                      ],
                    ]
                  }
                >
                  Sign Up
                </Text>
              </View>
            </View>
          </View>
        </View>
      </View>
    </View>
    <View
      style={
        Object {
          "height": 1,
          "left": 0,
          "marginTop": 59,
          "right": 0,
        }
      }
    />
  </View>
</RCTScrollView>
`;
